mode: atomic
github.com/peterkuchinov/The-link-shortener-on-Golang/internal/app/app.go:27.26,29.16 2 0
github.com/peterkuchinov/The-link-shortener-on-Golang/internal/app/app.go:29.16,31.3 1 0
github.com/peterkuchinov/The-link-shortener-on-Golang/internal/app/app.go:33.2,34.16 2 0
github.com/peterkuchinov/The-link-shortener-on-Golang/internal/app/app.go:34.16,36.3 1 0
github.com/peterkuchinov/The-link-shortener-on-Golang/internal/app/app.go:38.2,42.16 4 0
github.com/peterkuchinov/The-link-shortener-on-Golang/internal/app/app.go:42.16,44.3 1 0
github.com/peterkuchinov/The-link-shortener-on-Golang/internal/app/app.go:45.2,45.41 1 0
github.com/peterkuchinov/The-link-shortener-on-Golang/internal/app/app.go:45.41,48.3 2 0
github.com/peterkuchinov/The-link-shortener-on-Golang/internal/app/app.go:50.2,51.16 2 0
github.com/peterkuchinov/The-link-shortener-on-Golang/internal/app/app.go:51.16,54.3 2 0
github.com/peterkuchinov/The-link-shortener-on-Golang/internal/app/app.go:56.2,71.8 4 0
github.com/peterkuchinov/The-link-shortener-on-Golang/internal/app/run.go:13.27,14.12 1 0
github.com/peterkuchinov/The-link-shortener-on-Golang/internal/app/run.go:14.12,15.42 1 0
github.com/peterkuchinov/The-link-shortener-on-Golang/internal/app/run.go:15.42,20.4 1 0
github.com/peterkuchinov/The-link-shortener-on-Golang/internal/app/run.go:23.2,42.32 8 0
github.com/peterkuchinov/The-link-shortener-on-Golang/internal/app/shutdown.go:9.51,12.47 2 0
github.com/peterkuchinov/The-link-shortener-on-Golang/internal/app/shutdown.go:12.47,14.3 1 0
github.com/peterkuchinov/The-link-shortener-on-Golang/internal/app/shutdown.go:16.2,18.45 2 0
github.com/peterkuchinov/The-link-shortener-on-Golang/internal/app/shutdown.go:18.45,20.3 1 0
github.com/peterkuchinov/The-link-shortener-on-Golang/internal/app/shutdown.go:22.2,22.12 1 0
github.com/peterkuchinov/The-link-shortener-on-Golang/internal/apperror/error.go:16.35,18.2 1 0
github.com/peterkuchinov/The-link-shortener-on-Golang/cmd/main.go:9.13,11.16 2 0
github.com/peterkuchinov/The-link-shortener-on-Golang/cmd/main.go:11.16,13.3 1 0
github.com/peterkuchinov/The-link-shortener-on-Golang/cmd/main.go:15.2,15.42 1 0
github.com/peterkuchinov/The-link-shortener-on-Golang/cmd/main.go:15.42,17.3 1 0
github.com/peterkuchinov/The-link-shortener-on-Golang/internal/store/postgres.go:18.58,20.2 1 0
github.com/peterkuchinov/The-link-shortener-on-Golang/internal/store/postgres.go:22.83,26.16 3 0
github.com/peterkuchinov/The-link-shortener-on-Golang/internal/store/postgres.go:26.16,28.3 1 0
github.com/peterkuchinov/The-link-shortener-on-Golang/internal/store/postgres.go:29.2,29.12 1 0
github.com/peterkuchinov/The-link-shortener-on-Golang/internal/store/postgres.go:32.80,37.16 4 0
github.com/peterkuchinov/The-link-shortener-on-Golang/internal/store/postgres.go:37.16,38.36 1 0
github.com/peterkuchinov/The-link-shortener-on-Golang/internal/store/postgres.go:38.36,40.4 1 0
github.com/peterkuchinov/The-link-shortener-on-Golang/internal/store/postgres.go:41.3,41.55 1 0
github.com/peterkuchinov/The-link-shortener-on-Golang/internal/store/postgres.go:43.2,43.25 1 0
github.com/peterkuchinov/The-link-shortener-on-Golang/internal/store/postgres.go:46.82,49.16 3 0
github.com/peterkuchinov/The-link-shortener-on-Golang/internal/store/postgres.go:49.16,51.3 1 0
github.com/peterkuchinov/The-link-shortener-on-Golang/internal/store/postgres.go:52.2,52.12 1 0
github.com/peterkuchinov/The-link-shortener-on-Golang/internal/store/redis.go:15.58,17.16 2 0
github.com/peterkuchinov/The-link-shortener-on-Golang/internal/store/redis.go:17.16,19.3 1 0
github.com/peterkuchinov/The-link-shortener-on-Golang/internal/store/redis.go:21.2,23.64 2 0
github.com/peterkuchinov/The-link-shortener-on-Golang/internal/store/redis.go:23.64,25.3 1 0
github.com/peterkuchinov/The-link-shortener-on-Golang/internal/store/redis.go:27.2,27.41 1 0
github.com/peterkuchinov/The-link-shortener-on-Golang/internal/store/redis.go:30.36,32.2 1 0
github.com/peterkuchinov/The-link-shortener-on-Golang/internal/store/redis.go:34.51,36.2 1 0
github.com/peterkuchinov/The-link-shortener-on-Golang/internal/store/redis.go:38.76,40.2 1 0
github.com/peterkuchinov/The-link-shortener-on-Golang/internal/store/redis.go:42.97,44.2 1 0
github.com/peterkuchinov/The-link-shortener-on-Golang/internal/store/redis.go:46.69,48.2 1 0
github.com/peterkuchinov/The-link-shortener-on-Golang/internal/utils/util.go:10.53,13.30 3 0
github.com/peterkuchinov/The-link-shortener-on-Golang/internal/utils/util.go:13.30,15.17 2 0
github.com/peterkuchinov/The-link-shortener-on-Golang/internal/utils/util.go:15.17,17.4 1 0
github.com/peterkuchinov/The-link-shortener-on-Golang/internal/utils/util.go:18.3,18.29 1 0
github.com/peterkuchinov/The-link-shortener-on-Golang/internal/utils/util.go:20.2,20.25 1 0
github.com/peterkuchinov/The-link-shortener-on-Golang/internal/service/click.go:15.37,16.32 1 0
github.com/peterkuchinov/The-link-shortener-on-Golang/internal/service/click.go:16.32,22.17 5 0
github.com/peterkuchinov/The-link-shortener-on-Golang/internal/service/click.go:22.17,27.12 2 0
github.com/peterkuchinov/The-link-shortener-on-Golang/internal/service/click.go:30.3,32.4 1 0
github.com/peterkuchinov/The-link-shortener-on-Golang/internal/service/click.go:36.73,41.2 1 0
github.com/peterkuchinov/The-link-shortener-on-Golang/internal/service/link.go:41.92,52.35 4 0
github.com/peterkuchinov/The-link-shortener-on-Golang/internal/service/link.go:52.35,54.3 1 0
github.com/peterkuchinov/The-link-shortener-on-Golang/internal/service/link.go:56.2,56.10 1 0
github.com/peterkuchinov/The-link-shortener-on-Golang/internal/service/link.go:59.92,62.16 2 0
github.com/peterkuchinov/The-link-shortener-on-Golang/internal/service/link.go:62.16,63.40 1 0
github.com/peterkuchinov/The-link-shortener-on-Golang/internal/service/link.go:63.40,65.4 1 0
github.com/peterkuchinov/The-link-shortener-on-Golang/internal/service/link.go:67.3,68.17 2 0
github.com/peterkuchinov/The-link-shortener-on-Golang/internal/service/link.go:68.17,69.45 1 0
github.com/peterkuchinov/The-link-shortener-on-Golang/internal/service/link.go:69.45,71.5 1 0
github.com/peterkuchinov/The-link-shortener-on-Golang/internal/service/link.go:72.9,74.4 1 0
github.com/peterkuchinov/The-link-shortener-on-Golang/internal/service/link.go:75.8,78.17 3 0
github.com/peterkuchinov/The-link-shortener-on-Golang/internal/service/link.go:78.17,80.4 1 0
github.com/peterkuchinov/The-link-shortener-on-Golang/internal/service/link.go:83.2,83.53 1 0
github.com/peterkuchinov/The-link-shortener-on-Golang/internal/service/link.go:83.53,85.3 1 0
github.com/peterkuchinov/The-link-shortener-on-Golang/internal/service/link.go:87.2,89.18 2 0
github.com/peterkuchinov/The-link-shortener-on-Golang/internal/service/link.go:92.88,96.35 3 0
github.com/peterkuchinov/The-link-shortener-on-Golang/internal/service/link.go:96.35,99.3 2 0
github.com/peterkuchinov/The-link-shortener-on-Golang/internal/service/link.go:101.2,101.46 1 0
github.com/peterkuchinov/The-link-shortener-on-Golang/internal/service/link.go:101.46,103.3 1 0
github.com/peterkuchinov/The-link-shortener-on-Golang/internal/service/link.go:105.2,106.16 2 0
github.com/peterkuchinov/The-link-shortener-on-Golang/internal/service/link.go:106.16,108.3 1 0
github.com/peterkuchinov/The-link-shortener-on-Golang/internal/service/link.go:110.2,110.70 1 0
github.com/peterkuchinov/The-link-shortener-on-Golang/internal/service/link.go:110.70,112.3 1 0
github.com/peterkuchinov/The-link-shortener-on-Golang/internal/service/link.go:114.2,116.17 2 0
github.com/peterkuchinov/The-link-shortener-on-Golang/internal/logger/logger.go:13.44,16.19 2 0
github.com/peterkuchinov/The-link-shortener-on-Golang/internal/logger/logger.go:16.19,18.3 1 0
github.com/peterkuchinov/The-link-shortener-on-Golang/internal/logger/logger.go:18.8,20.3 1 0
github.com/peterkuchinov/The-link-shortener-on-Golang/internal/logger/logger.go:22.2,22.20 1 0
github.com/peterkuchinov/The-link-shortener-on-Golang/internal/logger/logger.go:25.70,27.2 1 0
github.com/peterkuchinov/The-link-shortener-on-Golang/internal/logger/logger.go:29.51,30.55 1 0
github.com/peterkuchinov/The-link-shortener-on-Golang/internal/logger/logger.go:30.55,32.3 1 0
github.com/peterkuchinov/The-link-shortener-on-Golang/internal/logger/logger.go:33.2,33.21 1 0
github.com/peterkuchinov/The-link-shortener-on-Golang/internal/service/mocks/mock_store.go:33.63,37.2 3 0
github.com/peterkuchinov/The-link-shortener-on-Golang/internal/service/mocks/mock_store.go:40.61,42.2 1 0
github.com/peterkuchinov/The-link-shortener-on-Golang/internal/service/mocks/mock_store.go:45.79,51.2 5 0
github.com/peterkuchinov/The-link-shortener-on-Golang/internal/service/mocks/mock_store.go:54.70,57.2 2 0
github.com/peterkuchinov/The-link-shortener-on-Golang/internal/service/mocks/mock_store.go:60.81,65.2 4 0
github.com/peterkuchinov/The-link-shortener-on-Golang/internal/service/mocks/mock_store.go:68.82,71.2 2 0
github.com/peterkuchinov/The-link-shortener-on-Golang/internal/service/mocks/mock_store.go:74.75,79.2 4 0
github.com/peterkuchinov/The-link-shortener-on-Golang/internal/service/mocks/mock_store.go:82.76,85.2 2 0
github.com/peterkuchinov/The-link-shortener-on-Golang/internal/service/mocks/mock_store.go:100.63,104.2 3 0
github.com/peterkuchinov/The-link-shortener-on-Golang/internal/service/mocks/mock_store.go:107.61,109.2 1 0
github.com/peterkuchinov/The-link-shortener-on-Golang/internal/service/mocks/mock_store.go:112.72,117.2 4 0
github.com/peterkuchinov/The-link-shortener-on-Golang/internal/service/mocks/mock_store.go:120.73,123.2 2 0
github.com/peterkuchinov/The-link-shortener-on-Golang/internal/service/mocks/mock_store.go:126.79,132.2 5 0
github.com/peterkuchinov/The-link-shortener-on-Golang/internal/service/mocks/mock_store.go:135.70,138.2 2 0
github.com/peterkuchinov/The-link-shortener-on-Golang/internal/service/mocks/mock_store.go:141.93,146.2 4 0
github.com/peterkuchinov/The-link-shortener-on-Golang/internal/service/mocks/mock_store.go:149.80,152.2 2 0
github.com/peterkuchinov/The-link-shortener-on-Golang/internal/utils/config/config.go:24.36,31.45 5 0
github.com/peterkuchinov/The-link-shortener-on-Golang/internal/utils/config/config.go:31.45,33.67 2 0
github.com/peterkuchinov/The-link-shortener-on-Golang/internal/utils/config/config.go:33.67,35.4 1 0
github.com/peterkuchinov/The-link-shortener-on-Golang/internal/utils/config/config.go:35.9,37.4 1 0
github.com/peterkuchinov/The-link-shortener-on-Golang/internal/utils/config/config.go:40.2,48.46 8 0
github.com/peterkuchinov/The-link-shortener-on-Golang/internal/utils/config/config.go:48.46,50.3 1 0
github.com/peterkuchinov/The-link-shortener-on-Golang/internal/utils/config/config.go:52.2,53.46 2 0
github.com/peterkuchinov/The-link-shortener-on-Golang/internal/utils/config/config.go:53.46,55.3 1 0
github.com/peterkuchinov/The-link-shortener-on-Golang/internal/utils/config/config.go:57.2,57.18 1 0
github.com/peterkuchinov/The-link-shortener-on-Golang/internal/http/mocks/mock_service.go:12.105,13.26 1 0
github.com/peterkuchinov/The-link-shortener-on-Golang/internal/http/mocks/mock_service.go:13.26,15.3 1 0
github.com/peterkuchinov/The-link-shortener-on-Golang/internal/http/mocks/mock_service.go:16.2,16.16 1 0
github.com/peterkuchinov/The-link-shortener-on-Golang/internal/http/mocks/mock_service.go:19.101,20.33 1 0
github.com/peterkuchinov/The-link-shortener-on-Golang/internal/http/mocks/mock_service.go:20.33,22.3 1 0
github.com/peterkuchinov/The-link-shortener-on-Golang/internal/http/mocks/mock_service.go:23.2,23.16 1 0
github.com/peterkuchinov/The-link-shortener-on-Golang/internal/http/server.go:26.54,28.2 1 0
github.com/peterkuchinov/The-link-shortener-on-Golang/internal/http/server.go:30.96,37.34 5 4
github.com/peterkuchinov/The-link-shortener-on-Golang/internal/http/server.go:37.34,39.3 1 0
github.com/peterkuchinov/The-link-shortener-on-Golang/internal/http/server.go:41.2,41.42 1 4
github.com/peterkuchinov/The-link-shortener-on-Golang/internal/http/server.go:41.42,47.48 2 3
github.com/peterkuchinov/The-link-shortener-on-Golang/internal/http/server.go:47.48,50.4 2 1
github.com/peterkuchinov/The-link-shortener-on-Golang/internal/http/server.go:52.3,53.17 2 2
github.com/peterkuchinov/The-link-shortener-on-Golang/internal/http/server.go:53.17,56.4 2 1
github.com/peterkuchinov/The-link-shortener-on-Golang/internal/http/server.go:58.3,61.5 1 1
github.com/peterkuchinov/The-link-shortener-on-Golang/internal/http/server.go:64.2,64.39 1 4
github.com/peterkuchinov/The-link-shortener-on-Golang/internal/http/server.go:64.39,66.42 2 1
github.com/peterkuchinov/The-link-shortener-on-Golang/internal/http/server.go:66.42,69.4 2 0
github.com/peterkuchinov/The-link-shortener-on-Golang/internal/http/server.go:71.3,72.17 2 1
github.com/peterkuchinov/The-link-shortener-on-Golang/internal/http/server.go:72.17,75.4 2 1
github.com/peterkuchinov/The-link-shortener-on-Golang/internal/http/server.go:77.3,77.56 1 0
github.com/peterkuchinov/The-link-shortener-on-Golang/internal/http/server.go:80.2,85.3 1 4
github.com/peterkuchinov/The-link-shortener-on-Golang/internal/http/server.go:88.32,89.88 1 0
github.com/peterkuchinov/The-link-shortener-on-Golang/internal/http/server.go:89.88,91.3 1 0
github.com/peterkuchinov/The-link-shortener-on-Golang/internal/http/server.go:92.2,92.12 1 0
github.com/peterkuchinov/The-link-shortener-on-Golang/internal/http/server.go:95.68,96.30 1 4
github.com/peterkuchinov/The-link-shortener-on-Golang/internal/http/server.go:96.30,100.22 3 4
github.com/peterkuchinov/The-link-shortener-on-Golang/internal/http/server.go:100.22,102.4 1 4
github.com/peterkuchinov/The-link-shortener-on-Golang/internal/http/server.go:104.3,120.4 7 4
github.com/peterkuchinov/The-link-shortener-on-Golang/internal/http/server.go:124.28,128.2 3 4
github.com/peterkuchinov/The-link-shortener-on-Golang/internal/http/server.go:134.43,135.16 1 2
github.com/peterkuchinov/The-link-shortener-on-Golang/internal/http/server.go:135.16,137.3 1 0
github.com/peterkuchinov/The-link-shortener-on-Golang/internal/http/server.go:139.2,141.42 2 2
github.com/peterkuchinov/The-link-shortener-on-Golang/internal/http/server.go:141.42,144.3 2 1
github.com/peterkuchinov/The-link-shortener-on-Golang/internal/http/server.go:146.2,146.51 1 1
github.com/peterkuchinov/The-link-shortener-on-Golang/internal/http/server.go:146.51,149.3 2 0
github.com/peterkuchinov/The-link-shortener-on-Golang/internal/http/server.go:151.2,151.51 1 1
github.com/peterkuchinov/The-link-shortener-on-Golang/internal/http/server.go:151.51,154.3 2 1
github.com/peterkuchinov/The-link-shortener-on-Golang/internal/http/server.go:156.2,158.99 2 0
